// Jest Snapshot v1, https://goo.gl/fbAQLP

exports[`components/Checkbox.vue default component matches snapshot 1`] = `
<div class="checkbox"><label for="checkbox1">
    label prop
  </label> <input id="checkbox1" type="checkbox"></div>
`;
