// Jest Snapshot v1, https://goo.gl/fbAQLP

exports[`components/Message.vue default component matches snapshot 1`] = `
<div class="message">
  <h2>
    test title
  </h2>
</div>
`;
